// Vitest Snapshot v1, https://vitest.dev/guide/snapshot.html

exports[`Products > Render > Categories filter must be render correctly. 1`] = `
{
  "asFragment": [Function],
  "baseElement": <body>
    <div>
      <div
        class="w-full grid grid-cols-12 items-start my-10 gap-6 lg:gap-2"
      >
        <div
          class="col-span-12 lg:col-span-4"
        >
          <h2
            class="font-semibold"
          >
            Shop by category
          </h2>
          <p
            class="text-sm text-gray-500"
          >
            Discover the perfect products for your needs.
          </p>
        </div>
        <div
          class="col-span-12 lg:col-span-8 flex gap-3 lg:gap-6 lg:justify-end items-start"
        />
      </div>
      <div
        class="grid grid-cols-12 gap-6 gap-y-12"
      >
        <div
          class="col-span-12 md:col-span-4 lg:col-span-3"
        >
          <div
            class="w-full"
          >
            <div
              class="relative py-3 flex flex-col gap-2 animate-pulse"
            >
              <div
                class="w-full h-64 rounded-lg bg-gray-300"
              />
              <div
                class="flex flex-col gap-2 animate-pulse"
              >
                <div
                  class="h-8 w-full bg-gray-300 rounded"
                />
                <div
                  class="h-8 w-full bg-gray-300 rounded"
                />
              </div>
            </div>
          </div>
        </div>
        <div
          class="col-span-12 md:col-span-4 lg:col-span-3"
        >
          <div
            class="w-full"
          >
            <div
              class="relative py-3 flex flex-col gap-2 animate-pulse"
            >
              <div
                class="w-full h-64 rounded-lg bg-gray-300"
              />
              <div
                class="flex flex-col gap-2 animate-pulse"
              >
                <div
                  class="h-8 w-full bg-gray-300 rounded"
                />
                <div
                  class="h-8 w-full bg-gray-300 rounded"
                />
              </div>
            </div>
          </div>
        </div>
        <div
          class="col-span-12 md:col-span-4 lg:col-span-3"
        >
          <div
            class="w-full"
          >
            <div
              class="relative py-3 flex flex-col gap-2 animate-pulse"
            >
              <div
                class="w-full h-64 rounded-lg bg-gray-300"
              />
              <div
                class="flex flex-col gap-2 animate-pulse"
              >
                <div
                  class="h-8 w-full bg-gray-300 rounded"
                />
                <div
                  class="h-8 w-full bg-gray-300 rounded"
                />
              </div>
            </div>
          </div>
        </div>
        <div
          class="col-span-12 md:col-span-4 lg:col-span-3"
        >
          <div
            class="w-full"
          >
            <div
              class="relative py-3 flex flex-col gap-2 animate-pulse"
            >
              <div
                class="w-full h-64 rounded-lg bg-gray-300"
              />
              <div
                class="flex flex-col gap-2 animate-pulse"
              >
                <div
                  class="h-8 w-full bg-gray-300 rounded"
                />
                <div
                  class="h-8 w-full bg-gray-300 rounded"
                />
              </div>
            </div>
          </div>
        </div>
        <div
          class="col-span-12 md:col-span-4 lg:col-span-3"
        >
          <div
            class="w-full"
          >
            <div
              class="relative py-3 flex flex-col gap-2 animate-pulse"
            >
              <div
                class="w-full h-64 rounded-lg bg-gray-300"
              />
              <div
                class="flex flex-col gap-2 animate-pulse"
              >
                <div
                  class="h-8 w-full bg-gray-300 rounded"
                />
                <div
                  class="h-8 w-full bg-gray-300 rounded"
                />
              </div>
            </div>
          </div>
        </div>
        <div
          class="col-span-12 md:col-span-4 lg:col-span-3"
        >
          <div
            class="w-full"
          >
            <div
              class="relative py-3 flex flex-col gap-2 animate-pulse"
            >
              <div
                class="w-full h-64 rounded-lg bg-gray-300"
              />
              <div
                class="flex flex-col gap-2 animate-pulse"
              >
                <div
                  class="h-8 w-full bg-gray-300 rounded"
                />
                <div
                  class="h-8 w-full bg-gray-300 rounded"
                />
              </div>
            </div>
          </div>
        </div>
      </div>
    </div>
  </body>,
  "container": <div>
    <div
      class="w-full grid grid-cols-12 items-start my-10 gap-6 lg:gap-2"
    >
      <div
        class="col-span-12 lg:col-span-4"
      >
        <h2
          class="font-semibold"
        >
          Shop by category
        </h2>
        <p
          class="text-sm text-gray-500"
        >
          Discover the perfect products for your needs.
        </p>
      </div>
      <div
        class="col-span-12 lg:col-span-8 flex gap-3 lg:gap-6 lg:justify-end items-start"
      />
    </div>
    <div
      class="grid grid-cols-12 gap-6 gap-y-12"
    >
      <div
        class="col-span-12 md:col-span-4 lg:col-span-3"
      >
        <div
          class="w-full"
        >
          <div
            class="relative py-3 flex flex-col gap-2 animate-pulse"
          >
            <div
              class="w-full h-64 rounded-lg bg-gray-300"
            />
            <div
              class="flex flex-col gap-2 animate-pulse"
            >
              <div
                class="h-8 w-full bg-gray-300 rounded"
              />
              <div
                class="h-8 w-full bg-gray-300 rounded"
              />
            </div>
          </div>
        </div>
      </div>
      <div
        class="col-span-12 md:col-span-4 lg:col-span-3"
      >
        <div
          class="w-full"
        >
          <div
            class="relative py-3 flex flex-col gap-2 animate-pulse"
          >
            <div
              class="w-full h-64 rounded-lg bg-gray-300"
            />
            <div
              class="flex flex-col gap-2 animate-pulse"
            >
              <div
                class="h-8 w-full bg-gray-300 rounded"
              />
              <div
                class="h-8 w-full bg-gray-300 rounded"
              />
            </div>
          </div>
        </div>
      </div>
      <div
        class="col-span-12 md:col-span-4 lg:col-span-3"
      >
        <div
          class="w-full"
        >
          <div
            class="relative py-3 flex flex-col gap-2 animate-pulse"
          >
            <div
              class="w-full h-64 rounded-lg bg-gray-300"
            />
            <div
              class="flex flex-col gap-2 animate-pulse"
            >
              <div
                class="h-8 w-full bg-gray-300 rounded"
              />
              <div
                class="h-8 w-full bg-gray-300 rounded"
              />
            </div>
          </div>
        </div>
      </div>
      <div
        class="col-span-12 md:col-span-4 lg:col-span-3"
      >
        <div
          class="w-full"
        >
          <div
            class="relative py-3 flex flex-col gap-2 animate-pulse"
          >
            <div
              class="w-full h-64 rounded-lg bg-gray-300"
            />
            <div
              class="flex flex-col gap-2 animate-pulse"
            >
              <div
                class="h-8 w-full bg-gray-300 rounded"
              />
              <div
                class="h-8 w-full bg-gray-300 rounded"
              />
            </div>
          </div>
        </div>
      </div>
      <div
        class="col-span-12 md:col-span-4 lg:col-span-3"
      >
        <div
          class="w-full"
        >
          <div
            class="relative py-3 flex flex-col gap-2 animate-pulse"
          >
            <div
              class="w-full h-64 rounded-lg bg-gray-300"
            />
            <div
              class="flex flex-col gap-2 animate-pulse"
            >
              <div
                class="h-8 w-full bg-gray-300 rounded"
              />
              <div
                class="h-8 w-full bg-gray-300 rounded"
              />
            </div>
          </div>
        </div>
      </div>
      <div
        class="col-span-12 md:col-span-4 lg:col-span-3"
      >
        <div
          class="w-full"
        >
          <div
            class="relative py-3 flex flex-col gap-2 animate-pulse"
          >
            <div
              class="w-full h-64 rounded-lg bg-gray-300"
            />
            <div
              class="flex flex-col gap-2 animate-pulse"
            >
              <div
                class="h-8 w-full bg-gray-300 rounded"
              />
              <div
                class="h-8 w-full bg-gray-300 rounded"
              />
            </div>
          </div>
        </div>
      </div>
    </div>
  </div>,
  "debug": [Function],
  "findAllByAltText": [Function],
  "findAllByDisplayValue": [Function],
  "findAllByLabelText": [Function],
  "findAllByPlaceholderText": [Function],
  "findAllByRole": [Function],
  "findAllByTestId": [Function],
  "findAllByText": [Function],
  "findAllByTitle": [Function],
  "findByAltText": [Function],
  "findByDisplayValue": [Function],
  "findByLabelText": [Function],
  "findByPlaceholderText": [Function],
  "findByRole": [Function],
  "findByTestId": [Function],
  "findByText": [Function],
  "findByTitle": [Function],
  "getAllByAltText": [Function],
  "getAllByDisplayValue": [Function],
  "getAllByLabelText": [Function],
  "getAllByPlaceholderText": [Function],
  "getAllByRole": [Function],
  "getAllByTestId": [Function],
  "getAllByText": [Function],
  "getAllByTitle": [Function],
  "getByAltText": [Function],
  "getByDisplayValue": [Function],
  "getByLabelText": [Function],
  "getByPlaceholderText": [Function],
  "getByRole": [Function],
  "getByTestId": [Function],
  "getByText": [Function],
  "getByTitle": [Function],
  "queryAllByAltText": [Function],
  "queryAllByDisplayValue": [Function],
  "queryAllByLabelText": [Function],
  "queryAllByPlaceholderText": [Function],
  "queryAllByRole": [Function],
  "queryAllByTestId": [Function],
  "queryAllByText": [Function],
  "queryAllByTitle": [Function],
  "queryByAltText": [Function],
  "queryByDisplayValue": [Function],
  "queryByLabelText": [Function],
  "queryByPlaceholderText": [Function],
  "queryByRole": [Function],
  "queryByTestId": [Function],
  "queryByText": [Function],
  "queryByTitle": [Function],
  "rerender": [Function],
  "unmount": [Function],
}
`;
